// Jest Snapshot v1, https://goo.gl/fbAQLP

exports[`App should match snapshot 1`] = `
<div>
  <main>
    <h2>
      Loading...
    </h2>
  </main>
</div>
`;
